<area shape="rect" href="$classGalleria__Controller.html#ad01e10cb60ceb9997b0cf2e801e263e" title="Galleria_Controller._getModel" alt="" coords="247,5,455,32">
<area shape="rect" href="$classJsonController.html#2fcb60f4c769a56f1d255f873cf71df3" title="JsonController._parseCatGroups" alt="" coords="239,56,463,83">
<area shape="rect" href="$classJsonController.html#c4bd3cf8ff618dba2c9cb62bda87fd93" title="JsonController._parseCatsToArray" alt="" coords="235,107,467,133">
<area shape="rect" href="$classGalleria__Image.html#da176fa4de88c8e0acb40e563576973c" title="Galleria_Image.deleteFiles" alt="" coords="257,157,444,184">
<area shape="rect" href="$classGalleria__Auth.html#2346b7b64e31f68b4cbc2466171acf7f" title="Galleria_Auth.getObject" alt="" coords="265,208,436,235">
<area shape="rect" href="$classGalleria__Controller.html#6dfcb45baf6c96a30c8895b48b58e1b0" title="Galleria_Controller.getView" alt="" coords="255,259,447,285">
<area shape="rect" href="$classGalleria__Auth.html#a09d4e4651ca36a7b5f9c044fe87f86e" title="Galleria_Auth.isLogged" alt="" coords="267,309,435,336">
<area shape="rect" href="$classGalleria__Session.html#aaa2adfd55cd5ac9436625e2760192bc" title="Galleria_Session.get" alt="" coords="515,259,667,285">
