<area shape="rect" href="$classAdminController.html" title="AdminController" alt="" coords="196,5,319,32">
<area shape="rect" href="$classBrowseController.html" title="BrowseController" alt="" coords="193,56,321,83">
<area shape="rect" href="$classErrorController.html" title="ErrorController" alt="" coords="200,107,315,133">
<area shape="rect" href="$classHelpController.html" title="HelpController" alt="" coords="201,157,313,184">
<area shape="rect" href="$classImagesController.html" title="ImagesController" alt="" coords="192,208,323,235">
<area shape="rect" href="$classIndexController.html" title="IndexController" alt="" coords="199,259,316,285">
<area shape="rect" href="$classJsonController.html" title="JsonController" alt="" coords="203,309,312,336">
<area shape="rect" href="$classLoginController.html" title="LoginController" alt="" coords="199,360,316,387">
<area shape="rect" href="$classProfileController.html" title="ProfileController" alt="" coords="196,411,319,437">
<area shape="rect" href="$classSearchController.html" title="SearchController" alt="" coords="193,461,321,488">
<area shape="rect" href="$classTagController.html" title="TagController" alt="" coords="205,512,309,539">
