<area shape="rect" href="$classGalleria__Model__Collection.html#004098db076da1d83b9658c53595e2ce" title="Galleria_Model_Collection._addChangelog" alt="" coords="191,5,476,32">
<area shape="rect" href="$classGalleria__Model.html#614cb85e8e133ba7b9630849f273dfff" title="Galleria_Model._getConnection" alt="" coords="525,81,744,108">
<area shape="rect" href="$classJsonModel.html#ef9e1562f684f8f182b8b2c1cad3e8c7" title="JsonModel._addNewTag" alt="" coords="249,107,417,133">
<area shape="rect" href="$classJsonModel.html#8e31586c69ee3ca51585c0c37d78eae3" title="JsonModel._getTagId" alt="" coords="259,157,408,184">
<area shape="rect" href="$classGalleria__Auth.html#2346b7b64e31f68b4cbc2466171acf7f" title="Galleria_Auth.getObject" alt="" coords="248,208,419,235">
<area shape="rect" href="$classGalleria__Database.html#a42a56baaae480fe87e7961dcc9c5dc4" title="Galleria_Database.getPDO" alt="" coords="792,81,984,108">
<area shape="rect" href="$classGalleria__Session.html#aaa2adfd55cd5ac9436625e2760192bc" title="Galleria_Session.get" alt="" coords="559,208,711,235">
